
Found a 'test' script in the Anchor.toml. Running it as a test suite!

Running test suite: "/Users/amalnathsathyan/Documents/trycatchblock/magic-speed-chess/anchor/Anchor.toml"

  console.log
    Starting beforeAll setup...

      at Object.<anonymous> (anchor/tests/speed_chess.test.ts:62:13)

  console.log
    Loading mint keypairs...

      at Object.<anonymous> (anchor/tests/speed_chess.test.ts:65:13)

  console.log
    Mint keypairs loaded successfully.

      at Object.<anonymous> (anchor/tests/speed_chess.test.ts:78:15)

  console.log
    Using Mock SEND Mint Pubkey: SENDYLjLBaTgjyfXtPP2aHUt91WhNzX7iUfpThyApht

      at Object.<anonymous> (anchor/tests/speed_chess.test.ts:91:13)

  console.log
    Using Mock wSOL Mint Pubkey: WSiBAnrREwNLdGkDpXuqdKL4fJvAHeJhDfehmFdMdvw

      at Object.<anonymous> (anchor/tests/speed_chess.test.ts:92:13)

  console.log
    Using Mock Unsupported Mint Pubkey: un72dZJgdTp7x6Ckgxhk8p5bpVu3Mt23wSm1f6FNVeG

      at Object.<anonymous> (anchor/tests/speed_chess.test.ts:93:13)

  console.log
    Ensure these pubkeys match the constants in your Rust program for local testing!

      at Object.<anonymous> (anchor/tests/speed_chess.test.ts:94:13)

  console.log
    Airdropping SOL to players...

      at Object.<anonymous> (anchor/tests/speed_chess.test.ts:97:13)

  console.log
    Airdrops confirmed.

      at Object.<anonymous> (anchor/tests/speed_chess.test.ts:112:13)

  console.log
    Initializing mock mints (if they don't already exist)...

      at Object.<anonymous> (anchor/tests/speed_chess.test.ts:117:13)

  console.log
    Mock SEND Mint initialized at: SENDYLjLBaTgjyfXtPP2aHUt91WhNzX7iUfpThyApht

      at Object.<anonymous> (anchor/tests/speed_chess.test.ts:125:17)

  console.log
    Mock wSOL Mint initialized at: WSiBAnrREwNLdGkDpXuqdKL4fJvAHeJhDfehmFdMdvw

      at Object.<anonymous> (anchor/tests/speed_chess.test.ts:133:17)

  console.log
    Unsupported Mint initialized at: un72dZJgdTp7x6Ckgxhk8p5bpVu3Mt23wSm1f6FNVeG

      at Object.<anonymous> (anchor/tests/speed_chess.test.ts:141:17)

  console.log
    Mock mints setup complete.

      at Object.<anonymous> (anchor/tests/speed_chess.test.ts:143:15)

  console.log
    Creating player and platform ATAs...

      at Object.<anonymous> (anchor/tests/speed_chess.test.ts:151:13)

  console.log
    ATAs created.

      at Object.<anonymous> (anchor/tests/speed_chess.test.ts:220:15)

  console.log
    Minting initial tokens to player ATAs...

      at Object.<anonymous> (anchor/tests/speed_chess.test.ts:227:13)

  console.log
    Initial tokens minted.

      at Object.<anonymous> (anchor/tests/speed_chess.test.ts:269:15)

  console.log
    beforeAll setup fully completed.

      at Object.<anonymous> (anchor/tests/speed_chess.test.ts:274:13)

  console.log
    Starting Test 1.1: Initialize Match with SEND token...

      at Object.<anonymous> (anchor/tests/speed_chess.test.ts:280:15)

  console.log
    Initial white player SEND ATA balance: 1000000000

      at Object.<anonymous> (anchor/tests/speed_chess.test.ts:294:15)

  console.log
    initializeMatch RPC call successful for Test 1.1.

      at Object.<anonymous> (anchor/tests/speed_chess.test.ts:310:15)

  console.log
    Fetched chessMatchState for Test 1.1.

      at Object.<anonymous> (anchor/tests/speed_chess.test.ts:313:15)

  console.log
    Final white player SEND ATA balance: 990000000

      at Object.<anonymous> (anchor/tests/speed_chess.test.ts:331:15)

  console.log
    Escrow SEND ATA balance: 10000000

      at Object.<anonymous> (anchor/tests/speed_chess.test.ts:332:15)

  console.log
    Test 1.1 Passed: Match initialized with mock SEND token.

      at Object.<anonymous> (anchor/tests/speed_chess.test.ts:340:15)

  console.log
    Initial white player wSOL ATA balance: 10000000000

      at Object.<anonymous> (anchor/tests/speed_chess.test.ts:356:15)

  console.log
    initializeMatch RPC call successful for Test 1.2.

      at Object.<anonymous> (anchor/tests/speed_chess.test.ts:372:15)

  console.log
    Fetched chessMatchState for Test 1.2.

      at Object.<anonymous> (anchor/tests/speed_chess.test.ts:375:15)

  console.log
    Final white player wSOL ATA balance: 9900000000

      at Object.<anonymous> (anchor/tests/speed_chess.test.ts:393:15)

  console.log
    Escrow wSOL ATA balance: 100000000

      at Object.<anonymous> (anchor/tests/speed_chess.test.ts:394:15)

  console.log
    Test 1.2 Passed: Match initialized with mock wSOL token.

      at Object.<anonymous> (anchor/tests/speed_chess.test.ts:402:15)

  console.log
    Test 1.3 Passed: Fails with unsupported token mint.

      at Object.<anonymous> (anchor/tests/speed_chess.test.ts:440:15)

  console.log
    Test 1.4 Passed: Fails with invalid bet amount for SEND token.

      at Object.<anonymous> (anchor/tests/speed_chess.test.ts:479:15)

  console.log
    Test 1.5 Passed: Fails with invalid bet amount for wSOL token.

      at Object.<anonymous> (anchor/tests/speed_chess.test.ts:518:15)

  console.log
    Test 1.6 Passed: Fails with invalid platform fee basis points.

      at Object.<anonymous> (anchor/tests/speed_chess.test.ts:552:15)

  console.log
    Test 1.7 Passed: Fails with empty matchId.

      at Object.<anonymous> (anchor/tests/speed_chess.test.ts:590:15)

  console.log
    Test 1.8 Passed: Fails with too long matchId (max seed length exceeded).

      at Object.<anonymous> (anchor/tests/speed_chess.test.ts:610:15)

  console.log
    Test 1.9 Passed: Fails with invalid token account owner.

      at Object.<anonymous> (anchor/tests/speed_chess.test.ts:644:15)

  console.log
    Test 1.10 Passed: Fails with token account mint mismatch.

      at Object.<anonymous> (anchor/tests/speed_chess.test.ts:679:15)

  console.log
    whiteplayer: Bhm8gsryV9WXz7GyeFGiiaJPppXyQrue1riRzcfhTymN

      at Object.<anonymous> (anchor/tests/speed_chess.test.ts:741:15)

  console.log
    blackplayer: 2SgZdRQyFg1U6d9NaqXXhGLFc682bgA9vpGS42N4CpLE

      at Object.<anonymous> (anchor/tests/speed_chess.test.ts:742:15)

  console.log
    sendMintPubkey: SENDYLjLBaTgjyfXtPP2aHUt91WhNzX7iUfpThyApht

      at Object.<anonymous> (anchor/tests/speed_chess.test.ts:743:15)

  console.log
    wsolMintPubkey: WSiBAnrREwNLdGkDpXuqdKL4fJvAHeJhDfehmFdMdvw

      at Object.<anonymous> (anchor/tests/speed_chess.test.ts:744:15)

  console.log
    whitePlayerSendAta: FK2yQMZqqqX7dxc9Z97wnsYt2LN427Sjs8NDr7UHHFXf

      at Object.<anonymous> (anchor/tests/speed_chess.test.ts:745:15)

  console.log
    whitePlayerWsolAta: Dk7nvoSKkWSC6Uc7DzJtwAdTzpXuDGGXXtpJkNhTeCJn

      at Object.<anonymous> (anchor/tests/speed_chess.test.ts:746:15)

  console.log
    blackPlayerSendAta: 72ELdZrSphFDWxqrRmFWJ8AsVXkp82iXToZ9wZXx51C3

      at Object.<anonymous> (anchor/tests/speed_chess.test.ts:747:15)

  console.log
    blackPlayerWsolAta: 2os5zEX9YspzkPPWHZ6JuidxYiTboXb9Nucoo4jLivEd

      at Object.<anonymous> (anchor/tests/speed_chess.test.ts:748:15)

  console.log
    Test 2.1 Passed: Black joined SEND match.

      at Object.<anonymous> (anchor/tests/speed_chess.test.ts:787:15)

  console.log
    [Test 2.2] Initial wSOL balance: 10000000000

      at Object.<anonymous> (anchor/tests/speed_chess.test.ts:794:17)

  console.log
    [Test 2.2] Transaction sent.

      at Object.<anonymous> (anchor/tests/speed_chess.test.ts:815:17)

  console.log
    Test 2.2 Passed: Black joined wSOL match.

      at Object.<anonymous> (anchor/tests/speed_chess.test.ts:834:17)

  console.log
    Test 2.3 Passed: Fails if creator tries to join as Player 2.

      at Object.<anonymous> (anchor/tests/speed_chess.test.ts:869:17)

  console.log
    Join match failed as expected

      at Object.<anonymous> (anchor/tests/speed_chess.test.ts:930:17)

  console.log
    Test 2.6 Passed: Fails if match is already full.

      at Object.<anonymous> (anchor/tests/speed_chess.test.ts:1080:19)

  console.log
    Match initialized for 2.7 with tx: 2viP54bR7yFhbwcq3ADvsHqyLwgRuphywiZHYK9jz1J691y3eN3Y9Y81XJDnbFEjiv3AGh2kYLgLbg4vMTV3UKrG

      at Object.<anonymous> (anchor/tests/speed_chess.test.ts:1110:17)

  console.log
    Initialized match status: { waitingForOpponent: {} }

      at Object.<anonymous> (anchor/tests/speed_chess.test.ts:1117:15)

  console.log
    After join, match status: { active: {} }

      at Object.<anonymous> (anchor/tests/speed_chess.test.ts:1138:15)

  console.log
    Test 2.7 Passed: Fails if match is not in WaitingForOpponent status.

      at Object.<anonymous> (anchor/tests/speed_chess.test.ts:1185:19)

  console.log
    Test 2.8 Passed: Fails if Player 2's token account owner is incorrect.

      at Object.<anonymous> (anchor/tests/speed_chess.test.ts:1238:19)

  console.log
    Test 3.1 Passed: White player made a valid move (e2-e4).

      at Object.<anonymous> (anchor/tests/speed_chess.test.ts:1339:15)

  console.log
    Test 3.2 Passed: Black player made a valid move (e7-e5).

      at Object.<anonymous> (anchor/tests/speed_chess.test.ts:1443:15)

